Statement for HF
  As You Like It: $660.00 (45 seats)
  Hamlet: $400.00 (25 seats)
Amount owed is $1,060.00
You earned 24 credits
